172.24.40.128 35564 1099 - [15/Mar/2014:23:57:59 +0800] "GET http://inner.jdy.tmall.com/ranks?app_key=21281452&fields=id%2Cpic_url&format=json&partner_id=top-android-sdk&platform=Android&session=63012004576ZZ585a113d4bf5cf7f4346fa5331219125fa1682420973&sign=31D2EB37C1C0734707C08B27660372B4&sign_method=hmac&timestamp=1394899198733&v=2.0" 200 117 "-" "-"
172.24.40.128 35560 1278 - [15/Mar/2014:23:57:59 +0800] "GET http://inner.jdy.tmall.com/ranks?app_key=21281452&fields=id%2Cpic_url&format=json&partner_id=top-android-sdk&platform=Android&session=630221371f9505dfd9bcfaaace82130912334b6e92df493158604888&sign=141FF6B274B76AAF1740AA89D1B4145E&sign_method=hmac&timestamp=1394899199030&v=2.0" 200 117 "-" "-"
116.23.248.124 34077 9921 - [15/Mar/2014:23:57:59 +0800] "GET http://pc.work.taobao.com/users?app_key=21281452&fields=nick,rank_id,first_visit_time,last_visit_time&format=json&method=users&nicks=%E6%84%9A%E9%80%81ate,%E5%BC%A0%E5%8D%8E%E8%8C%B5,13643397968%E5%88%98,%E8%88%9E%E8%80%85%E8%BD%BB%E9%A3%8E,%E5%B9%B3%E5%AE%89%E5%91%A8%E7%BA%A2%E5%A6%82,%E7%88%B1%E8%A1%A3%E6%BD%AE1980,%E5%A4%A7%E8%B1%A1082199,783760707_33,%E6%9D%8E%E5%85%B0%E5%A8%87,%E5%87%A4%E5%B0%BE%E9%B1%BC181x,%E5%AD%99%E5%BB%B6%E7%A7%8B87,0512xuying,0o%E6%AF%8D%E5%A9%B4%E5%AE%9D%E8%B4%9Do0%3A%E5%8B%83%E9%87%91%E4%B8%89%E4%BB%A3,1212%E5%8D%83%E5%9B%A2%E5%A4%A7%E6%88%98%E6%8C%87%E6%8C%A5%E5%AE%98%3A%E6%8C%87%E6%8C%A5%E5%AE%9804,2099baobao,5g556gh9,6f3dygbozl,9d4tr66ru,9e9llr26x94q,a413069709&session=630201584ce31eca9fc8a1ecb5ZZ4aee0bc66a1c601027d769937362&sign=296599BEDBE5C2710382E204AECF090D&sign_method=md5&timestamp=1394899197011&v=2.0" 200 153 "-" "Mozilla/5.0"
27.218.1.28 4485 14830 - [15/Mar/2014:23:57:59 +0800] "POST http://pc.work.taobao.com/api/auth/refresh" 200 323 "-" "Mozilla/5.0"
219.155.96.141 2797 87538 - [15/Mar/2014:23:59:59 +0800] "POST http://pc.work.taobao.com/api/auth/refresh" 200 336 "-" "Mozilla/5.0"
113.88.226.129 63215 128618 - [15/Mar/2014:23:59:59 +0800] "POST http://pc.work.taobao.com/api/auth/refresh" 200 322 "-" "Mozilla/5.0"
10.97.104.58 46725 11000 - [15/Mar/2014:23:58:59 +0800] "GET http://inner.jdy.tmall.com/ranks?app_key=21281452&fields=id%2Cpic_url&format=json&partner_id=top-android-sdk&platform=Android&session=63026258293f2766af5dea5fecda82731c8dfh5c81714fd105442210&sign=9827B5900294356EDAAC25287E52E5C0&sign_method=hmac&timestamp=1394899191667&v=2.0" 200 117 "-" "-"
10.96.69.122 22345 18000 - [15/Mar/2014:23:58:59 +0800] "POST http://inner.jdy.tmall.com/api/auth/refresh" 200 517 "-" "-"
10.236.34.45 13031 200 - [15/Mar/2014:23:58:59 +0800] "GET http://inner.jdy.tmall.com/ranks?app_key=21281452&fields=id%2Cpic_url&format=json&partner_id=top-android-sdk&platform=Android&session=630171313651a547dda1e15ace7cd1f78d37013f67454b0408958136&sign=5AB2A9D760B24BC33D8933A3272DC6CE&sign_method=hmac&timestamp=1394899180094&v=2.0" 200 117 "-" "-"
36.62.70.67 15981 43173 - [15/Mar/2014:23:58:59 +0800] "POST http://pc.work.taobao.com/api/auth/refresh" 200 305 "-" "Mozilla/5.0"
124.160.216.239 46285 526 - [15/Mar/2014:23:59:59 +0800] "GET http://jdy.tmall.com/liangzi/studio.manifest" 200 501 "-" "Mozilla/5.0 (iPhone; CPU iPhone OS 7_0_1 like Mac OS X) AppleWebKit/537.51.1 (KHTML, like Gecko) Mobile/11A470a"
101.66.177.149 52224 2948 - [15/Mar/2014:23:59:59 +0800] "GET http://pc.work.taobao.com/api/get_topics_action?app_key=21281452&filter=pc&format=json&method=api%2Fget_topics_action&session=630132711c5c1e029a35a1ff00c5f7393c1995ZZ07fb2881784987077&sign=16E7E33674A1EB717F6842369152A8D1&sign_method=md5&timestamp=1394899199910&v=2.0&version=40" 200 78 "-" "Mozilla/5.0"
183.224.195.3 54533 11702 - [15/Mar/2014:23:59:59 +0800] "GET http://pc.work.taobao.com/api/auth?app_key=21281452&appkey=21605972&format=json&method=api%2Fauth&plugin_id=20&session=6301e11cf72a587fcaf479ZZe3863f8b22e4084a674b2a11964883713&sign=E86078A9524178BE07987FAB520775ED&sign_method=md5&timestamp=1394899199498&user_id=1964883713&v=2.0" 200 324 "-" "Mozilla/5.0"
10.96.90.189 43026 2528 - [15/Mar/2014:23:59:59 +0800] "GET http://inner.jdy.tmall.com/users?app_key=21281452&fields=nick%2Crole%2Crank&format=json&nicks=%E8%BF%9D%E7%AB%A0%E5%88%AB%E6%89%BE%E5%85%B3%E7%B3%BB%2Cdxl780710%2C%E6%B7%A1%E9%9D%993660%2Cliaolidang%2Ctaizitaobao1&partner_id=top-android-sdk&session=6300113f631a6cec9caa68b6ZZ078bcb0504ece2be53ce2781532340&sign=C0577CF8D6D2A2D4C46D5D3EAE228E96&sign_method=hmac&timestamp=1394899203699&v=2.0" 200 36 "-" "-"
123.53.119.182 2666 15607 - [15/Mar/2014:23:59:59 +0800] "GET http://pc.work.taobao.com/api/plugin/user?app_key=21281452&fields=id,category_id,default_plugin,sort_index,visible&format=json&method=api%2Fplugin%2Fuser&platforms=pc,pcww,pcwidget&session=6301b11265954eb09fa889ZZfd59db5c041351c5da2cd2f292564714&sign=DB46B6BD6DDFA0B1668FCF096ED9929B&sign_method=md5&timestamp=1394899199906&v=2.0" 200 273 "-" "Mozilla/5.0"
27.42.156.117 11899 1291 - [15/Mar/2014:23:58:59 +0800] "GET http://jdy.tmall.com/users?nicks=%e6%9d%8e%e7%86%99%e5%ae%b6&fields=nick,rank_id,first_visit_time,last_visit_time" 200 151 "-" "SimpleHttpFetch"
10.236.90.120 2454 1577 - [15/Mar/2014:23:58:59 +0800] "POST http://inner.jdy.tmall.com/usession" 200 42 "-" "-"
10.96.106.136 58835 128618 - [15/Mar/2014:23:58:59 +0800] "GET http://inner.jdy.tmall.com/ranks?app_key=21281452&fields=id%2Cpic_url&format=json&partner_id=top-android-sdk&platform=Android&session=63028104436bd27e1bc54ZZ2ccd32e6a54eb803a3aaf1a8406687984&sign=FA90C0DF7BD417AE9CCD9A6820AA6B83&sign_method=hmac&timestamp=1394899200908&v=2.0" 200 117 "-" "-"
10.96.90.189 43028 128618 - [15/Mar/2014:23:58:59 +0800] "GET http://inner.jdy.tmall.com/users?app_key=21281452&fields=nick%2Crole%2Crank&format=json&nicks=hzi0125h%2Cjrfzk6546196%2Ctb2533853_2013%2C111hsr&partner_id=top-android-sdk&session=6302605d09b36c61ZZ05e6eaca9a1154bb3922d671318f8863453097&sign=A4C8BBD6FD57FC8215B4B46B3A8F21F1&sign_method=hmac&timestamp=1394899199327&v=2.0" 200 36 "-" "-"
10.236.99.102 12532 128618 - [15/Mar/2014:23:58:59 +0800] "POST http://inner.jdy.tmall.com/track" 200 39 "-" "-"
42.197.163.0 20381 128618 - [15/Mar/2014:23:58:59 +0800] "POST http://pc.work.taobao.com/api/auth/refresh" 200 342 "-" "Mozilla/5.0"
172.24.40.128 35574 128618 - [15/Mar/2014:23:58:59 +0800] "POST http://inner.jdy.tmall.com/api/auth/refresh" 200 548 "-" "-"
